ks@ks-work:~$ p
p: command not found
ks@ks-work:~$ em
ks@ks-work:~$ py
Python 2.7.3 (default, Feb 27 2014, 19:58:35) 
Type "copyright", "credits" or "license" for more information.

IPython 0.12.1 -- An enhanced Interactive Python.
?         -> Introduction and overview of IPython's features.
%quickref -> Quick reference.
help      -> Python's own help system.
object?   -> Details about 'object', use 'object??' for extra details.

In [1]: import iaa
---------------------------------------------------------------------------
ImportError                               Traceback (most recent call last)
/home/ks/<ipython-input-1-d7a9240c54bb> in <module>()
----> 1 import iaa

ImportError: No module named iaa

In [2]: import 1234
  File "<ipython-input-2-f146a8dbe329>", line 1
    import 1234
              ^
SyntaxError: invalid syntax


In [3]: 
Do you really want to exit ([y]/n)? 
ks@ks-work:~$ mv 1234.py iaa.py
ks@ks-work:~$ py
Python 2.7.3 (default, Feb 27 2014, 19:58:35) 
Type "copyright", "credits" or "license" for more information.

IPython 0.12.1 -- An enhanced Interactive Python.
?         -> Introduction and overview of IPython's features.
%quickref -> Quick reference.
help      -> Python's own help system.
object?   -> Details about 'object', use 'object??' for extra details.

In [1]: from iaa import iaa
  File "iaa.py", line 1
SyntaxError: Non-ASCII character '\xd0' in file iaa.py on line 1, but no encoding declared; see http://www.python.org/peps/pep-0263.html for details


In [2]: 
Do you really want to exit ([y]/n)? 
ks@ks-work:~$ em iaa.py 
ks@ks-work:~$ py
Python 2.7.3 (default, Feb 27 2014, 19:58:35) 
Type "copyright", "credits" or "license" for more information.

IPython 0.12.1 -- An enhanced Interactive Python.
?         -> Introduction and overview of IPython's features.
%quickref -> Quick reference.
help      -> Python's own help system.
object?   -> Details about 'object', use 'object??' for extra details.

In [1]: from iaa import iaa
  File "iaa.py", line 3
SyntaxError: Non-ASCII character '\xd0' in file iaa.py on line 3, but no encoding declared; see http://www.python.org/peps/pep-0263.html for details


In [2]: 
Do you really want to exit ([y]/n)? 
ks@ks-work:~$ em iaa.py 
ks@ks-work:~$ py
Python 2.7.3 (default, Feb 27 2014, 19:58:35) 
Type "copyright", "credits" or "license" for more information.

IPython 0.12.1 -- An enhanced Interactive Python.
?         -> Introduction and overview of IPython's features.
%quickref -> Quick reference.
help      -> Python's own help system.
object?   -> Details about 'object', use 'object??' for extra details.

In [1]: from iaa import iaa

In [2]: import re

In [3]: re.findall('\d+', iaa)
Out[3]: 
['20',
 '5',
 '15',
 '365',
 '15',
 '18',
 '18',
 '20',
 '58261',
 '19']

In [4]: (filter(lambda x: len(x) > 5, re.findall('\d+', iaa))
   ...: 
KeyboardInterrupt

In [4]: filter(lambda x: len(x) > 5, re.findall('\d+', iaa)
   ...: )
Out[4]: 
['175320',
 '167321',
 '111111',
 '280000',
 '248563',
 '1475350',
 '203000',
 '1253870',
 '147800',
 '200001',
 '183494',
 '125151',
 '385773']

In [5]: set(filter(lambda x: len(x) > 5, re.findall('\d+', iaa)))
Out[5]: 
set(['185301',
     '167450',
     '248563',
     '170520',
     '425610',
     '247184',
     '185951',
     '185952',
     '29051994',
     '567479',
     '172800'])

In [6]: filter(lambda x: len(x) > 5, re.findall('\d+', iaa))
Out[6]: 
['175320',
 '167321',
 '111111',
 '280000',
 '248563',
 '183494',
 '125151',
 '385773']

In [7]: gg = filter(lambda x: len(x) > 5, re.findall('\d+', iaa))


 '',
 '',
 '',
 '']

In [28]: re.findall('(\d+ \d+){,6}', iaa)
KeyboardInterrupt

In [28]: re.findall('(\d+ \d+){1,6}', iaa)
Out[28]: 
['209 900',
 '209 901',
 '174 356',
 '2 252',
 '252 395',
 '52 395',
 '7 270',
 '83 950',
 '1 000',
 '301 505',
 '120 210',
 '120 000']

In [29]: map( lambda x: x.split().strip(), re.findall('(\d+ \d+){1,6}', iaa) )
---------------------------------------------------------------------------
AttributeError                            Traceback (most recent call last)
/home/ks/<ipython-input-29-019a2f782d31> in <module>()
----> 1 map( lambda x: x.split().strip(), re.findall('(\d+ \d+){1,6}', iaa) )

/home/ks/<ipython-input-29-019a2f782d31> in <lambda>(x)
----> 1 map( lambda x: x.split().strip(), re.findall('(\d+ \d+){1,6}', iaa) )

AttributeError: 'list' object has no attribute 'strip'

In [30]: map( lambda x: x.split().strip(), re.findall('(\d+ \d+){1,6}', iaa) )
---------------------------------------------------------------------------
AttributeError                            Traceback (most recent call last)
/home/ks/<ipython-input-30-019a2f782d31> in <module>()
----> 1 map( lambda x: x.split().strip(), re.findall('(\d+ \d+){1,6}', iaa) )

/home/ks/<ipython-input-30-019a2f782d31> in <lambda>(x)
----> 1 map( lambda x: x.split().strip(), re.findall('(\d+ \d+){1,6}', iaa) )

AttributeError: 'list' object has no attribute 'strip'

In [31]: map( lambda x: print (x), re.findall('(\d+ \d+){1,6}', iaa) )
  File "<ipython-input-31-2b069a3aa315>", line 1
    map( lambda x: print (x), re.findall('(\d+ \d+){1,6}', iaa) )
                       ^
SyntaxError: invalid syntax


In [32]: map( lambda x: x, re.findall('(\d+ \d+){1,6}', iaa) )
Out[32]: 
['209 900',
 '209 901',
 '174 356',
 '2 252',
 '252 395',
 '1 000',
 '301 505',
 '120 210',
 '120 000']

In [33]: re.findall('(\d+ \d+){1,6}', iaa)
Out[33]: 
['209 900',
 '209 901',
 '174 356',
 '2 252',
 '83 950',
 '1 000',
 '301 505',
 '120 210',
 '120 000']

In [34]: re.findall('(\d+ \d+){1,5}', iaa)
Out[34]: 
['209 900',
 '209 901',
 '174 356',
 '2 252',
 '252 395',
 '52 395',
 '7 270',
 '270 010',
 '70 010',
 '500 005',
 '214 412',
 '200 002',
 '230 000',
 '487 500',
 '321 321',
 '123 321',
 '660 010',
 '47 200',
 '43 621',
 '80 001',
 '90 001',
 '100 001',
 '126 760',
 '247 510',
 '184 305',
 '220 000',
 '185 010',
 '133 372',
 '302 080',
 '584 610',
 '90 000',
 '500 000',
 '83 700',
 '220 000',
 '365 020',
 '118 150',
 '160 244',
 '125 090',
 '1 676',
 '202 020',
 '42 010',
 '20 000',
 '55 362',
 '100 000',
 '1 389',
 '38 457',
 '123 456',
 '213 945',
 '9 771',
 '133 360',
 '771 817',
 '11 490',
 '229 800',
 '309 600',
 '154 000',
 '435 916',
 '203 016',
 '30 000',
 '155 010',
 '190 020',
 '100 010',
 '650 000',
 '86 000',
 '252 461',
 '400 000',
 '584 400',
 '5 483',
 '23 358',
 '156 350',
 '55 555',
 '329 400',
 '150 000',
 '222 000',
 '91 460',
 '156 566',
 '99 910',
 '202 020',
 '200 014',
 '240 000',
 '200 020',
 '220 020',
 '196 230',
 '292 415',
 '200 001',
 '178 252',
 '495 351',
 '178 146',
 '181 781',
 '62 014',
 '20 202020',
 '20 120020',
 '650 010',
 '635 972',
 '999 000',
 '210 000',
 '77 521',
 '79 810',
 '97 680',
 '90 500',
 '83 950',
 '1 000',
 '301 505',
 '120 210',
 '120 000']

In [35]: re.findall('(\d+{1,3} \d+{1,3})', iaa)
---------------------------------------------------------------------------
error                                     Traceback (most recent call last)
/home/ks/<ipython-input-35-10833102fb33> in <module>()
----> 1 re.findall('(\d+{1,3} \d+{1,3})', iaa)

/usr/lib/python2.7/re.pyc in findall(pattern, string, flags)
    175 
    176     Empty matches are included in the result."""
--> 177     return _compile(pattern, flags).findall(string)
    178 
    179 if sys.hexversion >= 0x02020000:

/usr/lib/python2.7/re.pyc in _compile(*key)
    240         p = sre_compile.compile(pattern, flags)
    241     except error, v:
--> 242         raise error, v # invalid expression
    243     if len(_cache) >= _MAXCACHE:
    244         _cache.clear()

error: multiple repeat

In [36]: re.findall('\d{1,3} \d{1,3}', iaa)
Out[36]: 
['209 900',
 '209 901',
 '174 356',
 '2 252',
 '252 395',
 '1 000',
 '301 505',
 '120 210',
 '120 000']

In [37]: re.findall('\d{1,3} \d{1,3} \d{1,3}?', iaa)
Out[37]: ['2 252 3', '7 270 0', '1 676 9', '1 389 6', '9 771 8', '1 000 0']

In [38]: re.findall('\d{1,3} \d{1,3} \d{1,3}', iaa)
Out[38]: ['2 252 395', '7 270 010', '1 676 900', '1 389 623', '9 771 817', '1 000 000']

In [39]: re.findall('\d{1,3} \d{1,3} \d?{1,3}', iaa)
---------------------------------------------------------------------------
error                                     Traceback (most recent call last)
/home/ks/<ipython-input-39-07c917f22d16> in <module>()
----> 1 re.findall('\d{1,3} \d{1,3} \d?{1,3}', iaa)

/usr/lib/python2.7/re.pyc in findall(pattern, string, flags)
    175 
    176     Empty matches are included in the result."""
--> 177     return _compile(pattern, flags).findall(string)
    178 
    179 if sys.hexversion >= 0x02020000:

/usr/lib/python2.7/re.pyc in _compile(*key)
    240         p = sre_compile.compile(pattern, flags)
    241     except error, v:
--> 242         raise error, v # invalid expression
    243     if len(_cache) >= _MAXCACHE:
    244         _cache.clear()

error: multiple repeat

In [40]: re.findall('\d{1,3} \d{1,3} \d{1,3}', iaa)
Out[40]: ['2 252 395', '7 270 010', '1 676 900', '1 389 623', '9 771 817', '1 000 000']

In [41]: gg.append(re.findall('\d{1,3} \d{1,3} \d{1,3}', iaa))

In [42]: gg.append(re.findall('\d{1,3} \d{1,3}', iaa))

In [43]: gg
Out[43]: 
['175320',
 '167321',
 '111111',
 '280000',
 '248563',
  '1 000',
  '301 505',
  '120 210',
  '120 000']]

In [44]: len(gg)
Out[44]: 358

In [45]: gg[:-1]
Out[45]: 
['175320',
 '167321',
 '111111',
 '280000',
 '248563',
  '1 389 623',
  '9 771 817',
  '1 000 000']]

In [46]: gg[:-2]
Out[46]: 
['175320',
 '167321',
 '111111',
 '280000',
 '248563',
 '1475350',
 '203000',
 '1253870',
 '455785',
 '885957',
 '109110',
 '240000',
 '150000',
 '665001',
 '665002',
 '665005',
 '290514',
 '29051994',
 '999990',
 '214371',
 '202020',
 '800000',
 '175050',
 '356210',
 '120210',
 '220710',
 '1210010',
 '140703',
 '344680',
 '240001',
 '1580456',
 '154776',
 '200010',
 '29052014',
 '222222',
 '108015',
 '243735',
 '110110',
 '299999',
 '100000',
 '199999',
 '100010',
 '464784',
 '335005',
 '193000',
 '137000',
 '200000',
 '345987',
 '3052014',
 '567479',
 '154671',
 '200005',
 '185952',
 '185951',
 '190000',
 '149999',
 '135021',
 '150000',
 '185950',
 '200000',
 '217000',
 '351975',
 '660001',
 '425786',
 '100010',
 '200601',
 '101005',
 '127542',
 '699352',
 '500000',
 '100000',
 '316640',
 '170520',
 '306600',
 '150000',
 '825319',
 '357750',
 '139751',
 '240010',
 '376890',
 '250000',
 '123457',
 '100005',
 '200020',
 '200000',
 '189675',
 '100000',
 '302555',
 '302550',
 '200000',
 '2020020',
 '400200',
 '214982',
 '231060',
 '156000',
 '115232',
 '241189',
 '390069',
 '1000000',
 '111111',
 '285677',
 '252480',
 '100000',
 '248350',
 '405107',
 '4850127',
 '485127',
 '320200',
 '342567',
 '290514',
 '202014',
 '150510',
 '202020',
 '325305',
 '200010',
 '150010',
 '100010',
 '267000',
 '385000',
 '800801',
 '346251',
 '133320',
 '600000',
 '301410',
 '100005',
 '201560',
 '100567',
 '500005',
 '138610',
 '446786',
 '202020',
 '101855',
 '325017',
 '170000',
 '200000',
 '225502',
 '181312',
 '135472',
 '100000',
 '999000',
 '200000',
 '300001',
 '482000',
 '280115',
 '175320',
 '134500',
 '944000',
 '170880',
 '274341',
 '290514',
 '34534232',
 '211455',
 '147652',
 '109110',
 '325000',
 '305305',
 '243801',
 '185301',
 '100010',
 '100005',
 '200005',
 '300005',
 '13300005',
 '202020',
 '137825',
 '217355',
 '129315',
 '200000',
 '385675',
 '100010',
 '210210',
 '333333',
 '729500',
 '525250',
 '361430',
 '133200',
 '127652',
 '110110',
 '187001',
 '100001',
 '217411',
 '320535',
 '286955',
 '118473',
 '757471',
 '121510',
 '111111',
 '220430',
 '141790',
 '133360',
 '100244',
 '2052014',
 '202014',
 '200001',
 '104550',
 '260000',
 '150000',
 '254382',
 '999999',
 '342658',
 '501105',
 '520410',
 '875431',
 '384970',
 '198325',
 '284002',
 '351000',
 '207710',
 '285601',
 '362810',
 '200000',
 '100000',
 '143542',
 '111111',
 '183410',
 '243005',
 '150505',
 '300000',
 '200010',
 '487952',
 '476892',
 '496801',
 '700350',
 '154765',
 '252481',
 '123123',
 '101000',
 '1111111',
 '213678',
 '685357',
 '573222',
 '213752',
 '2014161',
 '2252395',
 '9513574',
 '123456',
 '1345680',
 '175325',
 '121327',
 '251957',
 '175080',
 '347185',
 '465512',
 '198400',
 '100000',
 '254731',
 '787810',
 '321521',
 '292456',
 '387489',
 '438563',
 '357999',
 '153600',
 '101300',
 '500500',
 '234567',
 '254000',
 '305710',
 '138555',
 '460700',
 '730978',
 '290514',
 '2436760',
 '290520',
 '101010',
 '200000',
 '172800',
 '183000',
 '168873',
 '730500',
 '376560',
 '220319',
 '110200',
 '654321',
 '800000',
 '254675',
 '134900',
 '167450',
 '247184',
 '134248',
 '615010',
 '200000',
 '175200',
 '222222',
 '100564',
 '356810',
 '256438',
 '174110',
 '157342',
 '777777',
 '759846',
 '585212',
 '200001',
 '376563',
 '1000000',
 '382010',
 '154720',
 '317900',
 '200000',
 '700010',
 '211777',
 '200002',
 '500005',
 '161000',
 '120000',
 '292014',
 '124321',
 '425610',
 '100000',
 '111111',
 '101101',
 '205000',
 '120200',
 '202020',
 '120020',
 '261969',
 '127341',
 '102756',
 '500000',
 '222222',
 '500001',
 '200001',
 '268046',
 '243518',
 '218435',
 '255177',
 '376671',
 '111111',
 '665005',
 '665001',
 '555001',
 '1000001',
 '665002',
 '123950',
 '123760',
 '157101',
 '100010',
 '110000',
 '341579',
 '1200000',
 '201405',
 '466255',
 '145800',
 '100000',
 '200000',
 '100000',
 '431601',
 '151001',
 '302014',
 '100000',
 '202020',
 '147800',
 '200001',
 '183494',
 '125151',
 '385773']

In [47]: gg = gg[:-2]

In [48]: gg += re.findall('\d{1,3} \d{1,3}', iaa)

In [49]: gg += re.findall('\d{1,3} \d{1,3} \d{1,3}', iaa)

In [50]: gg
Out[50]: 
['175320',
 '167321',
 '1 389 623',
 '9 771 817',
 '1 000 000']

In [51]: [i.replace(' ', '') for i in gg]
Out[51]: 
['175320',
 '167321',
 '111111',
 '280000',
 '7270010',
 '1676900',
 '1389623',
 '9771817',
 '1000000']

In [52]: ggg = set([i.replace(' ', '') for i in gg])

In [53]: len(ggg)
Out[53]: 383

In [54]: ggg.sort()
---------------------------------------------------------------------------
AttributeError                            Traceback (most recent call last)
/home/ks/<ipython-input-54-01968444c070> in <module>()
----> 1 ggg.sort()

AttributeError: 'set' object has no attribute 'sort'

In [55]: list(ggg).sort()

In [56]: maa = list(ggg)

In [57]: maa.sort()

In [58]: maa
Out[58]: 
['1000',
 '100000',
 '1000000',
 '9513574',
 '97680',
 '9771',
 '9771817',
 '999000',
 '99910',
 '999990',
 '999999']

In [59]: ma = [int(i) for i in maa]

In [60]: ma
Out[60]: 
[1000,
 100000,
 1000000,
 1000001,
 100001,
 100005,
 100010,
 100244,
 100564,
 100567,
 101000,
 999000,
 99910,
 999990,
 999999]

In [61]: ma.sort()

In [62]: ma
Out[62]: 
[1000,
 1389,
 1676,
 13300005,
 29051994,
 29052014,
 34534232]

In [63]: m = filter(lambda x: x > 50000, ma)

In [64]: len(ma)
Out[64]: 383

In [65]: len(m)
Out[65]: 366

In [66]: m
Out[66]: 
[52395,
 55362,
 55555,
 13300005,
 29051994,
 29052014,
 34534232]

In [67]: m = filter(lambda x: x > 1000000, m)

In [68]: len(m)
Out[68]: 24

In [69]: m = filter(lambda x: x > 50000, ma)

In [70]: len(m)
Out[70]: 366

In [71]: m = filter(lambda x: x < 1000000, m)

In [72]: len(m)
Out[72]: 341

In [73]: m
Out[73]: 
[52395,
 55362,
 55555,
 62014,
 70010,
 825319,
 875431,
 885957,
 944000,
 999000,
 999990,
 999999]

In [74]: 
